****                   ADMIXTURE Version 1.3.0                  ****
****                    Copyright 2008-2015                     ****
****           David Alexander, Suyash Shringarpure,            ****
****                John  Novembre, Ken Lange                   ****
****                                                            ****
****                 Please cite our paper!                     ****
****   Information at www.genetics.ucla.edu/software/admixture  ****

Cross-validation will be performed.  Folds=5.
Random seed: 43
Point estimation method: Block relaxation algorithm
Convergence acceleration algorithm: QuasiNewton, 3 secant conditions
Point estimation will terminate when objective function delta < 0.0001
Estimation of standard errors disabled; will compute point estimates only.
Size of G: 27x18416
Performing five EM steps to prime main algorithm
1 (EM) 	Elapsed: 0.07	Loglikelihood: -400467	(delta): 288879
2 (EM) 	Elapsed: 0.069	Loglikelihood: -367300	(delta): 33166.6
3 (EM) 	Elapsed: 0.069	Loglikelihood: -341325	(delta): 25975.3
4 (EM) 	Elapsed: 0.069	Loglikelihood: -313405	(delta): 27919.8
5 (EM) 	Elapsed: 0.069	Loglikelihood: -288250	(delta): 25155.1
Initial loglikelihood: -288250
Starting main algorithm
1 (QN/Block) 	Elapsed: 0.278	Loglikelihood: -216634	(delta): 71616.2
2 (QN/Block) 	Elapsed: 0.274	Loglikelihood: -196459	(delta): 20175.1
3 (QN/Block) 	Elapsed: 0.298	Loglikelihood: -187697	(delta): 8761.21
4 (QN/Block) 	Elapsed: 0.287	Loglikelihood: -183039	(delta): 4658.73
5 (QN/Block) 	Elapsed: 0.305	Loglikelihood: -181164	(delta): 1874.74
6 (QN/Block) 	Elapsed: 0.284	Loglikelihood: -180274	(delta): 890.24
7 (QN/Block) 	Elapsed: 0.283	Loglikelihood: -180077	(delta): 196.757
8 (QN/Block) 	Elapsed: 0.284	Loglikelihood: -179990	(delta): 86.7085
9 (QN/Block) 	Elapsed: 0.303	Loglikelihood: -179961	(delta): 29.3435
10 (QN/Block) 	Elapsed: 0.284	Loglikelihood: -179949	(delta): 11.5931
11 (QN/Block) 	Elapsed: 0.283	Loglikelihood: -179946	(delta): 3.48384
12 (QN/Block) 	Elapsed: 0.283	Loglikelihood: -179945	(delta): 1.08879
13 (QN/Block) 	Elapsed: 0.284	Loglikelihood: -179943	(delta): 1.47931
14 (QN/Block) 	Elapsed: 0.284	Loglikelihood: -179943	(delta): 0.52469
15 (QN/Block) 	Elapsed: 0.283	Loglikelihood: -180012	(delta): -69.1911
16 (QN/Block) 	Elapsed: 0.302	Loglikelihood: -179995	(delta): 16.72
17 (QN/Block) 	Elapsed: 0.302	Loglikelihood: -179989	(delta): 6.66921
18 (QN/Block) 	Elapsed: 0.302	Loglikelihood: -179982	(delta): 6.91049
19 (QN/Block) 	Elapsed: 0.302	Loglikelihood: -179973	(delta): 8.28636
20 (QN/Block) 	Elapsed: 0.302	Loglikelihood: -179967	(delta): 6.40128
21 (QN/Block) 	Elapsed: 0.283	Loglikelihood: -179956	(delta): 11.2237
22 (QN/Block) 	Elapsed: 0.283	Loglikelihood: -179922	(delta): 33.5704
23 (QN/Block) 	Elapsed: 0.302	Loglikelihood: -179916	(delta): 5.97155
24 (QN/Block) 	Elapsed: 0.302	Loglikelihood: -179916	(delta): 0.0378354
25 (QN/Block) 	Elapsed: 0.283	Loglikelihood: -179916	(delta): 0.000938325
26 (QN/Block) 	Elapsed: 0.283	Loglikelihood: -179916	(delta): 2.32243e-06
Summary: 
Converged in 26 iterations (8.116 sec)
Loglikelihood: -179916.103116
Fst divergences between estimated populations: 
	Pop0	Pop1	Pop2	Pop3	Pop4	Pop5	Pop6	
Pop0	
Pop1	0.562	
Pop2	0.721	0.598	
Pop3	0.470	0.270	0.594	
Pop4	0.784	0.649	0.424	0.646	
Pop5	0.806	0.433	0.684	0.496	0.743	
Pop6	0.631	0.512	0.254	0.509	0.312	0.593	
Pop7	0.690	0.257	0.650	0.387	0.705	0.564	0.563	
CV error (K=8): 1.08305
Writing output files.
