****                   ADMIXTURE Version 1.3.0                  ****
****                    Copyright 2008-2015                     ****
****           David Alexander, Suyash Shringarpure,            ****
****                John  Novembre, Ken Lange                   ****
****                                                            ****
****                 Please cite our paper!                     ****
****   Information at www.genetics.ucla.edu/software/admixture  ****

Cross-validation will be performed.  Folds=5.
Random seed: 43
Point estimation method: Block relaxation algorithm
Convergence acceleration algorithm: QuasiNewton, 3 secant conditions
Point estimation will terminate when objective function delta < 0.0001
Estimation of standard errors disabled; will compute point estimates only.
Size of G: 27x18416
Performing five EM steps to prime main algorithm
1 (EM) 	Elapsed: 0.028	Loglikelihood: -408271	(delta): 317845
2 (EM) 	Elapsed: 0.028	Loglikelihood: -385389	(delta): 22881.3
3 (EM) 	Elapsed: 0.028	Loglikelihood: -373174	(delta): 12215.9
4 (EM) 	Elapsed: 0.028	Loglikelihood: -359020	(delta): 14153.7
5 (EM) 	Elapsed: 0.028	Loglikelihood: -340534	(delta): 18486.1
Initial loglikelihood: -340534
Starting main algorithm
1 (QN/Block) 	Elapsed: 0.122	Loglikelihood: -240854	(delta): 99679.5
2 (QN/Block) 	Elapsed: 0.12	Loglikelihood: -223599	(delta): 17255.3
3 (QN/Block) 	Elapsed: 0.142	Loglikelihood: -216421	(delta): 7177.86
4 (QN/Block) 	Elapsed: 0.147	Loglikelihood: -213036	(delta): 3384.44
5 (QN/Block) 	Elapsed: 0.133	Loglikelihood: -211564	(delta): 1472.1
6 (QN/Block) 	Elapsed: 0.147	Loglikelihood: -211193	(delta): 370.961
7 (QN/Block) 	Elapsed: 0.133	Loglikelihood: -211105	(delta): 88.5924
8 (QN/Block) 	Elapsed: 0.133	Loglikelihood: -211076	(delta): 28.9507
9 (QN/Block) 	Elapsed: 0.133	Loglikelihood: -211070	(delta): 6.30288
10 (QN/Block) 	Elapsed: 0.133	Loglikelihood: -211067	(delta): 2.41515
11 (QN/Block) 	Elapsed: 0.142	Loglikelihood: -211067	(delta): 0.0293886
12 (QN/Block) 	Elapsed: 0.146	Loglikelihood: -211067	(delta): 2.585e-07
Summary: 
Converged in 12 iterations (1.866 sec)
Loglikelihood: -211067.145930
Fst divergences between estimated populations: 
	Pop0	Pop1	Pop2	
Pop0	
Pop1	0.490	
Pop2	0.423	0.259	
Pop3	0.573	0.492	0.493	
CV error (K=4): 0.54065
Writing output files.
