****                   ADMIXTURE Version 1.3.0                  ****
****                    Copyright 2008-2015                     ****
****           David Alexander, Suyash Shringarpure,            ****
****                John  Novembre, Ken Lange                   ****
****                                                            ****
****                 Please cite our paper!                     ****
****   Information at www.genetics.ucla.edu/software/admixture  ****

Cross-validation will be performed.  Folds=5.
Random seed: 43
Point estimation method: Block relaxation algorithm
Convergence acceleration algorithm: QuasiNewton, 3 secant conditions
Point estimation will terminate when objective function delta < 0.0001
Estimation of standard errors disabled; will compute point estimates only.
Size of G: 27x18416
Performing five EM steps to prime main algorithm
1 (EM) 	Elapsed: 0.082	Loglikelihood: -399624	(delta): 285806
2 (EM) 	Elapsed: 0.082	Loglikelihood: -365336	(delta): 34288.3
3 (EM) 	Elapsed: 0.082	Loglikelihood: -337534	(delta): 27802.5
4 (EM) 	Elapsed: 0.082	Loglikelihood: -307512	(delta): 30022.1
5 (EM) 	Elapsed: 0.082	Loglikelihood: -281694	(delta): 25817.8
Initial loglikelihood: -281694
Starting main algorithm
1 (QN/Block) 	Elapsed: 0.337	Loglikelihood: -212179	(delta): 69515.2
2 (QN/Block) 	Elapsed: 0.325	Loglikelihood: -196890	(delta): 15288.8
3 (QN/Block) 	Elapsed: 0.347	Loglikelihood: -189214	(delta): 7676.12
4 (QN/Block) 	Elapsed: 0.365	Loglikelihood: -185148	(delta): 4066.06
5 (QN/Block) 	Elapsed: 0.343	Loglikelihood: -183096	(delta): 2051.31
6 (QN/Block) 	Elapsed: 0.343	Loglikelihood: -182049	(delta): 1047.22
7 (QN/Block) 	Elapsed: 0.342	Loglikelihood: -181657	(delta): 391.681
8 (QN/Block) 	Elapsed: 0.341	Loglikelihood: -181471	(delta): 185.988
9 (QN/Block) 	Elapsed: 0.34	Loglikelihood: -181424	(delta): 47.6034
10 (QN/Block) 	Elapsed: 0.361	Loglikelihood: -181398	(delta): 25.385
11 (QN/Block) 	Elapsed: 0.349	Loglikelihood: -181375	(delta): 22.986
12 (QN/Block) 	Elapsed: 0.34	Loglikelihood: -181368	(delta): 7.51655
13 (QN/Block) 	Elapsed: 0.341	Loglikelihood: -181367	(delta): 1.01847
14 (QN/Block) 	Elapsed: 0.36	Loglikelihood: -181367	(delta): 0.0373886
15 (QN/Block) 	Elapsed: 0.366	Loglikelihood: -181367	(delta): 0.000228381
16 (QN/Block) 	Elapsed: 0.357	Loglikelihood: -181367	(delta): 0.000116657
17 (QN/Block) 	Elapsed: 0.34	Loglikelihood: -181367	(delta): 1.62379e-05
Summary: 
Converged in 17 iterations (6.482 sec)
Loglikelihood: -181366.774431
Fst divergences between estimated populations: 
	Pop0	Pop1	Pop2	Pop3	Pop4	Pop5	Pop6	Pop7	
Pop0	
Pop1	0.585	
Pop2	0.880	0.533	
Pop3	0.571	0.291	0.480	
Pop4	0.906	0.552	0.847	0.521	
Pop5	0.798	0.466	0.730	0.425	0.749	
Pop6	0.625	0.503	0.622	0.518	0.629	0.597	
Pop7	0.660	0.505	0.785	0.492	0.805	0.703	0.594	
Pop8	0.725	0.596	0.718	0.612	0.726	0.693	0.255	0.692	
CV error (K=9): 0.98785
Writing output files.
